// Jest Snapshot v1, https://goo.gl/fbAQLP

exports[`parser variable declarations parses evaluated value assignments 1`] = `
[
  Assignment {
    "name": {
      "isReserved": false,
      "kind": "Identifier",
      "literal": undefined,
      "location": {
        "end": {
          "column": -9,
          "line": -9,
        },
        "start": {
          "column": -9,
          "line": -9,
        },
      },
      "text": "bar",
    },
    "tokens": {
      "equals": {
        "isReserved": false,
        "kind": "Equal",
        "literal": undefined,
        "location": {
          "end": {
            "column": -9,
            "line": -9,
          },
          "start": {
            "column": -9,
            "line": -9,
          },
        },
        "text": undefined,
      },
    },
    "value": Binary {
      "left": Literal {
        "_location": {
          "end": {
            "column": -9,
            "line": -9,
          },
          "start": {
            "column": -9,
            "line": -9,
          },
        },
        "value": Int32 {
          "kind": 4,
          "value": 5,
        },
      },
      "right": Literal {
        "_location": {
          "end": {
            "column": -9,
            "line": -9,
          },
          "start": {
            "column": -9,
            "line": -9,
          },
        },
        "value": Int32 {
          "kind": 4,
          "value": 3,
        },
      },
      "token": {
        "isReserved": false,
        "kind": "Caret",
        "literal": undefined,
        "location": {
          "end": {
            "column": -9,
            "line": -9,
          },
          "start": {
            "column": -9,
            "line": -9,
          },
        },
        "text": undefined,
      },
    },
  },
]
`;

exports[`parser variable declarations parses literal value assignments 1`] = `
[
  Assignment {
    "name": {
      "isReserved": false,
      "kind": "Identifier",
      "literal": undefined,
      "location": {
        "end": {
          "column": -9,
          "line": -9,
        },
        "start": {
          "column": -9,
          "line": -9,
        },
      },
      "text": "foo",
    },
    "tokens": {
      "equals": {
        "isReserved": false,
        "kind": "Equal",
        "literal": undefined,
        "location": {
          "end": {
            "column": -9,
            "line": -9,
          },
          "start": {
            "column": -9,
            "line": -9,
          },
        },
        "text": undefined,
      },
    },
    "value": Literal {
      "_location": {
        "end": {
          "column": -9,
          "line": -9,
        },
        "start": {
          "column": -9,
          "line": -9,
        },
      },
      "value": Int32 {
        "kind": 4,
        "value": 5,
      },
    },
  },
]
`;

exports[`parser variable declarations parses variable aliasing 1`] = `
[
  Assignment {
    "name": {
      "isReserved": false,
      "kind": "Identifier",
      "literal": undefined,
      "location": {
        "end": {
          "column": -9,
          "line": -9,
        },
        "start": {
          "column": -9,
          "line": -9,
        },
      },
      "text": "baz",
    },
    "tokens": {
      "equals": {
        "isReserved": false,
        "kind": "Equal",
        "literal": undefined,
        "location": {
          "end": {
            "column": -9,
            "line": -9,
          },
          "start": {
            "column": -9,
            "line": -9,
          },
        },
        "text": undefined,
      },
    },
    "value": Variable {
      "name": {
        "isReserved": false,
        "kind": "Identifier",
        "literal": undefined,
        "location": {
          "end": {
            "column": -9,
            "line": -9,
          },
          "start": {
            "column": -9,
            "line": -9,
          },
        },
        "text": "foo",
      },
    },
  },
]
`;
