// Jest Snapshot v1, https://goo.gl/fbAQLP

exports[`stop statement can be used as an object property 1`] = `
[
  Function {
    "func": Function {
      "body": Block {
        "location": {
          "end": {
            "column": 12,
            "line": 7,
          },
          "file": "",
          "start": {
            "column": 22,
            "line": 2,
          },
        },
        "statements": [
          Assignment {
            "name": {
              "isReserved": false,
              "kind": "Identifier",
              "literal": undefined,
              "location": {
                "end": {
                  "column": 25,
                  "line": 3,
                },
                "file": "",
                "start": {
                  "column": 16,
                  "line": 3,
                },
              },
              "text": "theObject",
            },
            "tokens": {
              "equals": {
                "isReserved": false,
                "kind": "Equal",
                "literal": undefined,
                "location": {
                  "end": {
                    "column": 27,
                    "line": 3,
                  },
                  "file": "",
                  "start": {
                    "column": 26,
                    "line": 3,
                  },
                },
                "text": "=",
              },
            },
            "value": AALiteral {
              "close": {
                "isReserved": false,
                "kind": "RightBrace",
                "literal": undefined,
                "location": {
                  "end": {
                    "column": 17,
                    "line": 5,
                  },
                  "file": "",
                  "start": {
                    "column": 16,
                    "line": 5,
                  },
                },
                "text": "}",
              },
              "elements": [
                {
                  "name": BrsString {
                    "kind": 3,
                    "value": "stop",
                  },
                  "value": Literal {
                    "_location": {
                      "end": {
                        "column": 31,
                        "line": 4,
                      },
                      "file": "",
                      "start": {
                        "column": 26,
                        "line": 4,
                      },
                    },
                    "value": BrsBoolean {
                      "kind": 2,
                      "value": false,
                    },
                  },
                },
              ],
              "open": {
                "isReserved": false,
                "kind": "LeftBrace",
                "literal": undefined,
                "location": {
                  "end": {
                    "column": 29,
                    "line": 3,
                  },
                  "file": "",
                  "start": {
                    "column": 28,
                    "line": 3,
                  },
                },
                "text": "{",
              },
            },
          },
          DottedSet {
            "name": {
              "isReserved": true,
              "kind": "Identifier",
              "literal": undefined,
              "location": {
                "end": {
                  "column": 30,
                  "line": 6,
                },
                "file": "",
                "start": {
                  "column": 26,
                  "line": 6,
                },
              },
              "text": "stop",
            },
            "obj": Variable {
              "name": {
                "isReserved": false,
                "kind": "Identifier",
                "literal": undefined,
                "location": {
                  "end": {
                    "column": 25,
                    "line": 6,
                  },
                  "file": "",
                  "start": {
                    "column": 16,
                    "line": 6,
                  },
                },
                "text": "theObject",
              },
            },
            "value": Literal {
              "_location": {
                "end": {
                  "column": 37,
                  "line": 6,
                },
                "file": "",
                "start": {
                  "column": 33,
                  "line": 6,
                },
              },
              "value": BrsBoolean {
                "kind": 2,
                "value": true,
              },
            },
          },
        ],
      },
      "end": {
        "isReserved": false,
        "kind": "EndSub",
        "literal": undefined,
        "location": {
          "end": {
            "column": 19,
            "line": 7,
          },
          "file": "",
          "start": {
            "column": 12,
            "line": 7,
          },
        },
        "text": "end sub",
      },
      "keyword": {
        "isReserved": true,
        "kind": "Sub",
        "literal": undefined,
        "location": {
          "end": {
            "column": 15,
            "line": 2,
          },
          "file": "",
          "start": {
            "column": 12,
            "line": 2,
          },
        },
        "text": "sub",
      },
      "parameters": [],
      "returns": 11,
    },
    "name": {
      "isReserved": false,
      "kind": "Identifier",
      "literal": undefined,
      "location": {
        "end": {
          "column": 20,
          "line": 2,
        },
        "file": "",
        "start": {
          "column": 16,
          "line": 2,
        },
      },
      "text": "Main",
    },
  },
]
`;

exports[`stop statement cannot be used as a local variable 1`] = `
[
  Stop {
    "tokens": {
      "stop": {
        "isReserved": true,
        "kind": "Stop",
        "literal": undefined,
        "location": {
          "end": {
            "column": -9,
            "line": -9,
          },
          "start": {
            "column": -9,
            "line": -9,
          },
        },
        "text": "stop",
      },
    },
  },
]
`;

exports[`stop statement is valid as a statement 1`] = `
[
  Stop {
    "tokens": {
      "stop": {
        "isReserved": true,
        "kind": "Stop",
        "literal": undefined,
        "location": {
          "end": {
            "column": -9,
            "line": -9,
          },
          "start": {
            "column": -9,
            "line": -9,
          },
        },
        "text": "stop",
      },
    },
  },
]
`;
