// Jest Snapshot v1, https://goo.gl/fbAQLP

exports[`parser array literals contents can contain expressions 1`] = `
[
  Assignment {
    "name": {
      "isReserved": false,
      "kind": "Identifier",
      "literal": undefined,
      "location": {
        "end": {
          "column": -9,
          "line": -9,
        },
        "start": {
          "column": -9,
          "line": -9,
        },
      },
      "text": "_",
    },
    "tokens": {
      "equals": {
        "isReserved": false,
        "kind": "Equal",
        "literal": undefined,
        "location": {
          "end": {
            "column": -9,
            "line": -9,
          },
          "start": {
            "column": -9,
            "line": -9,
          },
        },
        "text": "=",
      },
    },
    "value": ArrayLiteral {
      "close": {
        "isReserved": false,
        "kind": "RightSquare",
        "literal": undefined,
        "location": {
          "end": {
            "column": -9,
            "line": -9,
          },
          "start": {
            "column": -9,
            "line": -9,
          },
        },
        "text": "]",
      },
      "elements": [
        Binary {
          "left": Literal {
            "_location": {
              "end": {
                "column": -9,
                "line": -9,
              },
              "start": {
                "column": -9,
                "line": -9,
              },
            },
            "value": Int32 {
              "kind": 4,
              "value": 1,
            },
          },
          "right": Literal {
            "_location": {
              "end": {
                "column": -9,
                "line": -9,
              },
              "start": {
                "column": -9,
                "line": -9,
              },
            },
            "value": Int32 {
              "kind": 4,
              "value": 2,
            },
          },
          "token": {
            "isReserved": false,
            "kind": "Plus",
            "literal": undefined,
            "location": {
              "end": {
                "column": -9,
                "line": -9,
              },
              "start": {
                "column": -9,
                "line": -9,
              },
            },
            "text": "+",
          },
        },
        Unary {
          "operator": {
            "isReserved": true,
            "kind": "Not",
            "literal": undefined,
            "location": {
              "end": {
                "column": -9,
                "line": -9,
              },
              "start": {
                "column": -9,
                "line": -9,
              },
            },
            "text": "not",
          },
          "right": Literal {
            "_location": {
              "end": {
                "column": -9,
                "line": -9,
              },
              "start": {
                "column": -9,
                "line": -9,
              },
            },
            "value": BrsBoolean {
              "kind": 2,
              "value": false,
            },
          },
        },
      ],
      "open": {
        "isReserved": false,
        "kind": "LeftSquare",
        "literal": undefined,
        "location": {
          "end": {
            "column": -9,
            "line": -9,
          },
          "start": {
            "column": -9,
            "line": -9,
          },
        },
        "text": "[",
      },
    },
  },
]
`;

exports[`parser array literals contents can contain other arrays 1`] = `
[
  Assignment {
    "name": {
      "isReserved": false,
      "kind": "Identifier",
      "literal": undefined,
      "location": {
        "end": {
          "column": -9,
          "line": -9,
        },
        "start": {
          "column": -9,
          "line": -9,
        },
      },
      "text": "_",
    },
    "tokens": {
      "equals": {
        "isReserved": false,
        "kind": "Equal",
        "literal": undefined,
        "location": {
          "end": {
            "column": -9,
            "line": -9,
          },
          "start": {
            "column": -9,
            "line": -9,
          },
        },
        "text": "=",
      },
    },
    "value": ArrayLiteral {
      "close": {
        "isReserved": false,
        "kind": "RightSquare",
        "literal": undefined,
        "location": {
          "end": {
            "column": -9,
            "line": -9,
          },
          "start": {
            "column": -9,
            "line": -9,
          },
        },
        "text": "]",
      },
      "elements": [
        ArrayLiteral {
          "close": {
            "isReserved": false,
            "kind": "RightSquare",
            "literal": undefined,
            "location": {
              "end": {
                "column": -9,
                "line": -9,
              },
              "start": {
                "column": -9,
                "line": -9,
              },
            },
            "text": "]",
          },
          "elements": [
            Literal {
              "_location": {
                "end": {
                  "column": -9,
                  "line": -9,
                },
                "start": {
                  "column": -9,
                  "line": -9,
                },
              },
              "value": Int32 {
                "kind": 4,
                "value": 1,
              },
            },
            Literal {
              "_location": {
                "end": {
                  "column": -9,
                  "line": -9,
                },
                "start": {
                  "column": -9,
                  "line": -9,
                },
              },
              "value": Int32 {
                "kind": 4,
                "value": 2,
              },
            },
            Literal {
              "_location": {
                "end": {
                  "column": -9,
                  "line": -9,
                },
                "start": {
                  "column": -9,
                  "line": -9,
                },
              },
              "value": Int32 {
                "kind": 4,
                "value": 3,
              },
            },
          ],
          "open": {
            "isReserved": false,
            "kind": "LeftSquare",
            "literal": undefined,
            "location": {
              "end": {
                "column": -9,
                "line": -9,
              },
              "start": {
                "column": -9,
                "line": -9,
              },
            },
            "text": "[",
          },
        },
        ArrayLiteral {
          "close": {
            "isReserved": false,
            "kind": "RightSquare",
            "literal": undefined,
            "location": {
              "end": {
                "column": -9,
                "line": -9,
              },
              "start": {
                "column": -9,
                "line": -9,
              },
            },
            "text": "]",
          },
          "elements": [
            Literal {
              "_location": {
                "end": {
                  "column": -9,
                  "line": -9,
                },
                "start": {
                  "column": -9,
                  "line": -9,
                },
              },
              "value": Int32 {
                "kind": 4,
                "value": 4,
              },
            },
            Literal {
              "_location": {
                "end": {
                  "column": -9,
                  "line": -9,
                },
                "start": {
                  "column": -9,
                  "line": -9,
                },
              },
              "value": Int32 {
                "kind": 4,
                "value": 5,
              },
            },
            Literal {
              "_location": {
                "end": {
                  "column": -9,
                  "line": -9,
                },
                "start": {
                  "column": -9,
                  "line": -9,
                },
              },
              "value": Int32 {
                "kind": 4,
                "value": 6,
              },
            },
          ],
          "open": {
            "isReserved": false,
            "kind": "LeftSquare",
            "literal": undefined,
            "location": {
              "end": {
                "column": -9,
                "line": -9,
              },
              "start": {
                "column": -9,
                "line": -9,
              },
            },
            "text": "[",
          },
        },
      ],
      "open": {
        "isReserved": false,
        "kind": "LeftSquare",
        "literal": undefined,
        "location": {
          "end": {
            "column": -9,
            "line": -9,
          },
          "start": {
            "column": -9,
            "line": -9,
          },
        },
        "text": "[",
      },
    },
  },
]
`;

exports[`parser array literals contents can contain primitives 1`] = `
[
  Assignment {
    "name": {
      "isReserved": false,
      "kind": "Identifier",
      "literal": undefined,
      "location": {
        "end": {
          "column": -9,
          "line": -9,
        },
        "start": {
          "column": -9,
          "line": -9,
        },
      },
      "text": "_",
    },
    "tokens": {
      "equals": {
        "isReserved": false,
        "kind": "Equal",
        "literal": undefined,
        "location": {
          "end": {
            "column": -9,
            "line": -9,
          },
          "start": {
            "column": -9,
            "line": -9,
          },
        },
        "text": "=",
      },
    },
    "value": ArrayLiteral {
      "close": {
        "isReserved": false,
        "kind": "RightSquare",
        "literal": undefined,
        "location": {
          "end": {
            "column": -9,
            "line": -9,
          },
          "start": {
            "column": -9,
            "line": -9,
          },
        },
        "text": "]",
      },
      "elements": [
        Literal {
          "_location": {
            "end": {
              "column": -9,
              "line": -9,
            },
            "start": {
              "column": -9,
              "line": -9,
            },
          },
          "value": Int32 {
            "kind": 4,
            "value": 1,
          },
        },
        Literal {
          "_location": {
            "end": {
              "column": -9,
              "line": -9,
            },
            "start": {
              "column": -9,
              "line": -9,
            },
          },
          "value": Int32 {
            "kind": 4,
            "value": 2,
          },
        },
        Literal {
          "_location": {
            "end": {
              "column": -9,
              "line": -9,
            },
            "start": {
              "column": -9,
              "line": -9,
            },
          },
          "value": Int32 {
            "kind": 4,
            "value": 3,
          },
        },
      ],
      "open": {
        "isReserved": false,
        "kind": "LeftSquare",
        "literal": undefined,
        "location": {
          "end": {
            "column": -9,
            "line": -9,
          },
          "start": {
            "column": -9,
            "line": -9,
          },
        },
        "text": "[",
      },
    },
  },
]
`;

exports[`parser array literals empty arrays on multiple lines 1`] = `
[
  Assignment {
    "name": {
      "isReserved": false,
      "kind": "Identifier",
      "literal": undefined,
      "location": {
        "end": {
          "column": -9,
          "line": -9,
        },
        "start": {
          "column": -9,
          "line": -9,
        },
      },
      "text": "_",
    },
    "tokens": {
      "equals": {
        "isReserved": false,
        "kind": "Equal",
        "literal": undefined,
        "location": {
          "end": {
            "column": -9,
            "line": -9,
          },
          "start": {
            "column": -9,
            "line": -9,
          },
        },
        "text": "=",
      },
    },
    "value": ArrayLiteral {
      "close": {
        "isReserved": false,
        "kind": "RightSquare",
        "literal": undefined,
        "location": {
          "end": {
            "column": -9,
            "line": -9,
          },
          "start": {
            "column": -9,
            "line": -9,
          },
        },
        "text": "]",
      },
      "elements": [],
      "open": {
        "isReserved": false,
        "kind": "LeftSquare",
        "literal": undefined,
        "location": {
          "end": {
            "column": -9,
            "line": -9,
          },
          "start": {
            "column": -9,
            "line": -9,
          },
        },
        "text": "[",
      },
    },
  },
]
`;

exports[`parser array literals empty arrays on one line 1`] = `
[
  Assignment {
    "name": {
      "isReserved": false,
      "kind": "Identifier",
      "literal": undefined,
      "location": {
        "end": {
          "column": -9,
          "line": -9,
        },
        "start": {
          "column": -9,
          "line": -9,
        },
      },
      "text": "_",
    },
    "tokens": {
      "equals": {
        "isReserved": false,
        "kind": "Equal",
        "literal": undefined,
        "location": {
          "end": {
            "column": -9,
            "line": -9,
          },
          "start": {
            "column": -9,
            "line": -9,
          },
        },
        "text": "=",
      },
    },
    "value": ArrayLiteral {
      "close": {
        "isReserved": false,
        "kind": "RightSquare",
        "literal": undefined,
        "location": {
          "end": {
            "column": -9,
            "line": -9,
          },
          "start": {
            "column": -9,
            "line": -9,
          },
        },
        "text": "]",
      },
      "elements": [],
      "open": {
        "isReserved": false,
        "kind": "LeftSquare",
        "literal": undefined,
        "location": {
          "end": {
            "column": -9,
            "line": -9,
          },
          "start": {
            "column": -9,
            "line": -9,
          },
        },
        "text": "[",
      },
    },
  },
]
`;

exports[`parser array literals filled arrays on multiple lines with commas 1`] = `
[
  Assignment {
    "name": {
      "isReserved": false,
      "kind": "Identifier",
      "literal": undefined,
      "location": {
        "end": {
          "column": -9,
          "line": -9,
        },
        "start": {
          "column": -9,
          "line": -9,
        },
      },
      "text": "_",
    },
    "tokens": {
      "equals": {
        "isReserved": false,
        "kind": "Equal",
        "literal": undefined,
        "location": {
          "end": {
            "column": -9,
            "line": -9,
          },
          "start": {
            "column": -9,
            "line": -9,
          },
        },
        "text": "=",
      },
    },
    "value": ArrayLiteral {
      "close": {
        "isReserved": false,
        "kind": "RightSquare",
        "literal": undefined,
        "location": {
          "end": {
            "column": -9,
            "line": -9,
          },
          "start": {
            "column": -9,
            "line": -9,
          },
        },
        "text": "]",
      },
      "elements": [
        Literal {
          "_location": {
            "end": {
              "column": -9,
              "line": -9,
            },
            "start": {
              "column": -9,
              "line": -9,
            },
          },
          "value": Int32 {
            "kind": 4,
            "value": 1,
          },
        },
        Literal {
          "_location": {
            "end": {
              "column": -9,
              "line": -9,
            },
            "start": {
              "column": -9,
              "line": -9,
            },
          },
          "value": Int32 {
            "kind": 4,
            "value": 2,
          },
        },
        Literal {
          "_location": {
            "end": {
              "column": -9,
              "line": -9,
            },
            "start": {
              "column": -9,
              "line": -9,
            },
          },
          "value": Int32 {
            "kind": 4,
            "value": 3,
          },
        },
      ],
      "open": {
        "isReserved": false,
        "kind": "LeftSquare",
        "literal": undefined,
        "location": {
          "end": {
            "column": -9,
            "line": -9,
          },
          "start": {
            "column": -9,
            "line": -9,
          },
        },
        "text": "[",
      },
    },
  },
]
`;

exports[`parser array literals filled arrays on multiple lines without commas 1`] = `
[
  Assignment {
    "name": {
      "isReserved": false,
      "kind": "Identifier",
      "literal": undefined,
      "location": {
        "end": {
          "column": -9,
          "line": -9,
        },
        "start": {
          "column": -9,
          "line": -9,
        },
      },
      "text": "_",
    },
    "tokens": {
      "equals": {
        "isReserved": false,
        "kind": "Equal",
        "literal": undefined,
        "location": {
          "end": {
            "column": -9,
            "line": -9,
          },
          "start": {
            "column": -9,
            "line": -9,
          },
        },
        "text": "=",
      },
    },
    "value": ArrayLiteral {
      "close": {
        "isReserved": false,
        "kind": "RightSquare",
        "literal": undefined,
        "location": {
          "end": {
            "column": -9,
            "line": -9,
          },
          "start": {
            "column": -9,
            "line": -9,
          },
        },
        "text": "]",
      },
      "elements": [
        Literal {
          "_location": {
            "end": {
              "column": -9,
              "line": -9,
            },
            "start": {
              "column": -9,
              "line": -9,
            },
          },
          "value": Int32 {
            "kind": 4,
            "value": 1,
          },
        },
        Literal {
          "_location": {
            "end": {
              "column": -9,
              "line": -9,
            },
            "start": {
              "column": -9,
              "line": -9,
            },
          },
          "value": Int32 {
            "kind": 4,
            "value": 2,
          },
        },
        Literal {
          "_location": {
            "end": {
              "column": -9,
              "line": -9,
            },
            "start": {
              "column": -9,
              "line": -9,
            },
          },
          "value": Int32 {
            "kind": 4,
            "value": 3,
          },
        },
      ],
      "open": {
        "isReserved": false,
        "kind": "LeftSquare",
        "literal": undefined,
        "location": {
          "end": {
            "column": -9,
            "line": -9,
          },
          "start": {
            "column": -9,
            "line": -9,
          },
        },
        "text": "[",
      },
    },
  },
]
`;

exports[`parser array literals filled arrays on one line 1`] = `
[
  Assignment {
    "name": {
      "isReserved": false,
      "kind": "Identifier",
      "literal": undefined,
      "location": {
        "end": {
          "column": -9,
          "line": -9,
        },
        "start": {
          "column": -9,
          "line": -9,
        },
      },
      "text": "_",
    },
    "tokens": {
      "equals": {
        "isReserved": false,
        "kind": "Equal",
        "literal": undefined,
        "location": {
          "end": {
            "column": -9,
            "line": -9,
          },
          "start": {
            "column": -9,
            "line": -9,
          },
        },
        "text": "=",
      },
    },
    "value": ArrayLiteral {
      "close": {
        "isReserved": false,
        "kind": "RightSquare",
        "literal": undefined,
        "location": {
          "end": {
            "column": -9,
            "line": -9,
          },
          "start": {
            "column": -9,
            "line": -9,
          },
        },
        "text": "]",
      },
      "elements": [
        Literal {
          "_location": {
            "end": {
              "column": -9,
              "line": -9,
            },
            "start": {
              "column": -9,
              "line": -9,
            },
          },
          "value": Int32 {
            "kind": 4,
            "value": 1,
          },
        },
        Literal {
          "_location": {
            "end": {
              "column": -9,
              "line": -9,
            },
            "start": {
              "column": -9,
              "line": -9,
            },
          },
          "value": Int32 {
            "kind": 4,
            "value": 2,
          },
        },
        Literal {
          "_location": {
            "end": {
              "column": -9,
              "line": -9,
            },
            "start": {
              "column": -9,
              "line": -9,
            },
          },
          "value": Int32 {
            "kind": 4,
            "value": 3,
          },
        },
      ],
      "open": {
        "isReserved": false,
        "kind": "LeftSquare",
        "literal": undefined,
        "location": {
          "end": {
            "column": -9,
            "line": -9,
          },
          "start": {
            "column": -9,
            "line": -9,
          },
        },
        "text": "[",
      },
    },
  },
]
`;
