// Jest Snapshot v1, https://goo.gl/fbAQLP

exports[`parser boolean expressions parses boolean ANDs 1`] = `
[
  Assignment {
    "name": {
      "isReserved": false,
      "kind": "Identifier",
      "literal": undefined,
      "location": {
        "end": {
          "column": -9,
          "line": -9,
        },
        "start": {
          "column": -9,
          "line": -9,
        },
      },
      "text": "_",
    },
    "tokens": {
      "equals": {
        "isReserved": false,
        "kind": "Equal",
        "literal": undefined,
        "location": {
          "end": {
            "column": -9,
            "line": -9,
          },
          "start": {
            "column": -9,
            "line": -9,
          },
        },
        "text": "=",
      },
    },
    "value": Binary {
      "left": Literal {
        "_location": {
          "end": {
            "column": -9,
            "line": -9,
          },
          "start": {
            "column": -9,
            "line": -9,
          },
        },
        "value": BrsBoolean {
          "kind": 2,
          "value": true,
        },
      },
      "right": Literal {
        "_location": {
          "end": {
            "column": -9,
            "line": -9,
          },
          "start": {
            "column": -9,
            "line": -9,
          },
        },
        "value": BrsBoolean {
          "kind": 2,
          "value": false,
        },
      },
      "token": {
        "isReserved": true,
        "kind": "And",
        "literal": undefined,
        "location": {
          "end": {
            "column": -9,
            "line": -9,
          },
          "start": {
            "column": -9,
            "line": -9,
          },
        },
        "text": "and",
      },
    },
  },
]
`;

exports[`parser boolean expressions parses boolean ORs 1`] = `
[
  Assignment {
    "name": {
      "isReserved": false,
      "kind": "Identifier",
      "literal": undefined,
      "location": {
        "end": {
          "column": -9,
          "line": -9,
        },
        "start": {
          "column": -9,
          "line": -9,
        },
      },
      "text": "_",
    },
    "tokens": {
      "equals": {
        "isReserved": false,
        "kind": "Equal",
        "literal": undefined,
        "location": {
          "end": {
            "column": -9,
            "line": -9,
          },
          "start": {
            "column": -9,
            "line": -9,
          },
        },
        "text": "=",
      },
    },
    "value": Binary {
      "left": Literal {
        "_location": {
          "end": {
            "column": -9,
            "line": -9,
          },
          "start": {
            "column": -9,
            "line": -9,
          },
        },
        "value": BrsBoolean {
          "kind": 2,
          "value": true,
        },
      },
      "right": Literal {
        "_location": {
          "end": {
            "column": -9,
            "line": -9,
          },
          "start": {
            "column": -9,
            "line": -9,
          },
        },
        "value": BrsBoolean {
          "kind": 2,
          "value": false,
        },
      },
      "token": {
        "isReserved": true,
        "kind": "Or",
        "literal": undefined,
        "location": {
          "end": {
            "column": -9,
            "line": -9,
          },
          "start": {
            "column": -9,
            "line": -9,
          },
        },
        "text": "or",
      },
    },
  },
]
`;
