// Jest Snapshot v1, https://goo.gl/fbAQLP

exports[`parser prefix unary expressions parses consecutive mixed unary operators 1`] = `
[
  Assignment {
    "name": {
      "isReserved": false,
      "kind": "Identifier",
      "literal": undefined,
      "location": {
        "end": {
          "column": -9,
          "line": -9,
        },
        "start": {
          "column": -9,
          "line": -9,
        },
      },
      "text": "_",
    },
    "tokens": {
      "equals": {
        "isReserved": false,
        "kind": "Equal",
        "literal": undefined,
        "location": {
          "end": {
            "column": -9,
            "line": -9,
          },
          "start": {
            "column": -9,
            "line": -9,
          },
        },
        "text": "=",
      },
    },
    "value": Unary {
      "operator": {
        "isReserved": false,
        "kind": "Plus",
        "literal": undefined,
        "location": {
          "end": {
            "column": -9,
            "line": -9,
          },
          "start": {
            "column": -9,
            "line": -9,
          },
        },
        "text": "-",
      },
      "right": Unary {
        "operator": {
          "isReserved": false,
          "kind": "Plus",
          "literal": undefined,
          "location": {
            "end": {
              "column": -9,
              "line": -9,
            },
            "start": {
              "column": -9,
              "line": -9,
            },
          },
          "text": "+",
        },
        "right": Unary {
          "operator": {
            "isReserved": false,
            "kind": "Plus",
            "literal": undefined,
            "location": {
              "end": {
                "column": -9,
                "line": -9,
              },
              "start": {
                "column": -9,
                "line": -9,
              },
            },
            "text": "-",
          },
          "right": Unary {
            "operator": {
              "isReserved": false,
              "kind": "Plus",
              "literal": undefined,
              "location": {
                "end": {
                  "column": -9,
                  "line": -9,
                },
                "start": {
                  "column": -9,
                  "line": -9,
                },
              },
              "text": "+",
            },
            "right": Unary {
              "operator": {
                "isReserved": false,
                "kind": "Plus",
                "literal": undefined,
                "location": {
                  "end": {
                    "column": -9,
                    "line": -9,
                  },
                  "start": {
                    "column": -9,
                    "line": -9,
                  },
                },
                "text": "-",
              },
              "right": Unary {
                "operator": {
                  "isReserved": false,
                  "kind": "Plus",
                  "literal": undefined,
                  "location": {
                    "end": {
                      "column": -9,
                      "line": -9,
                    },
                    "start": {
                      "column": -9,
                      "line": -9,
                    },
                  },
                  "text": "+",
                },
                "right": Literal {
                  "_location": {
                    "end": {
                      "column": -9,
                      "line": -9,
                    },
                    "start": {
                      "column": -9,
                      "line": -9,
                    },
                  },
                  "value": Int32 {
                    "kind": 4,
                    "value": 5,
                  },
                },
              },
            },
          },
        },
      },
    },
  },
]
`;

exports[`parser prefix unary expressions parses consecutive unary '+' 1`] = `
[
  Assignment {
    "name": {
      "isReserved": false,
      "kind": "Identifier",
      "literal": undefined,
      "location": {
        "end": {
          "column": -9,
          "line": -9,
        },
        "start": {
          "column": -9,
          "line": -9,
        },
      },
      "text": "_",
    },
    "tokens": {
      "equals": {
        "isReserved": false,
        "kind": "Equal",
        "literal": undefined,
        "location": {
          "end": {
            "column": -9,
            "line": -9,
          },
          "start": {
            "column": -9,
            "line": -9,
          },
        },
        "text": "=",
      },
    },
    "value": Unary {
      "operator": {
        "isReserved": false,
        "kind": "Plus",
        "literal": undefined,
        "location": {
          "end": {
            "column": -9,
            "line": -9,
          },
          "start": {
            "column": -9,
            "line": -9,
          },
        },
        "text": "+",
      },
      "right": Unary {
        "operator": {
          "isReserved": false,
          "kind": "Plus",
          "literal": undefined,
          "location": {
            "end": {
              "column": -9,
              "line": -9,
            },
            "start": {
              "column": -9,
              "line": -9,
            },
          },
          "text": "+",
        },
        "right": Unary {
          "operator": {
            "isReserved": false,
            "kind": "Plus",
            "literal": undefined,
            "location": {
              "end": {
                "column": -9,
                "line": -9,
              },
              "start": {
                "column": -9,
                "line": -9,
              },
            },
            "text": "+",
          },
          "right": Unary {
            "operator": {
              "isReserved": false,
              "kind": "Plus",
              "literal": undefined,
              "location": {
                "end": {
                  "column": -9,
                  "line": -9,
                },
                "start": {
                  "column": -9,
                  "line": -9,
                },
              },
              "text": "+",
            },
            "right": Unary {
              "operator": {
                "isReserved": false,
                "kind": "Plus",
                "literal": undefined,
                "location": {
                  "end": {
                    "column": -9,
                    "line": -9,
                  },
                  "start": {
                    "column": -9,
                    "line": -9,
                  },
                },
                "text": "+",
              },
              "right": Literal {
                "_location": {
                  "end": {
                    "column": -9,
                    "line": -9,
                  },
                  "start": {
                    "column": -9,
                    "line": -9,
                  },
                },
                "value": Int32 {
                  "kind": 4,
                  "value": 5,
                },
              },
            },
          },
        },
      },
    },
  },
]
`;

exports[`parser prefix unary expressions parses consecutive unary '-' 1`] = `
[
  Assignment {
    "name": {
      "isReserved": false,
      "kind": "Identifier",
      "literal": undefined,
      "location": {
        "end": {
          "column": -9,
          "line": -9,
        },
        "start": {
          "column": -9,
          "line": -9,
        },
      },
      "text": "_",
    },
    "tokens": {
      "equals": {
        "isReserved": false,
        "kind": "Equal",
        "literal": undefined,
        "location": {
          "end": {
            "column": -9,
            "line": -9,
          },
          "start": {
            "column": -9,
            "line": -9,
          },
        },
        "text": "=",
      },
    },
    "value": Unary {
      "operator": {
        "isReserved": false,
        "kind": "Minus",
        "literal": undefined,
        "location": {
          "end": {
            "column": -9,
            "line": -9,
          },
          "start": {
            "column": -9,
            "line": -9,
          },
        },
        "text": "-",
      },
      "right": Unary {
        "operator": {
          "isReserved": false,
          "kind": "Minus",
          "literal": undefined,
          "location": {
            "end": {
              "column": -9,
              "line": -9,
            },
            "start": {
              "column": -9,
              "line": -9,
            },
          },
          "text": "-",
        },
        "right": Unary {
          "operator": {
            "isReserved": false,
            "kind": "Minus",
            "literal": undefined,
            "location": {
              "end": {
                "column": -9,
                "line": -9,
              },
              "start": {
                "column": -9,
                "line": -9,
              },
            },
            "text": "-",
          },
          "right": Unary {
            "operator": {
              "isReserved": false,
              "kind": "Minus",
              "literal": undefined,
              "location": {
                "end": {
                  "column": -9,
                  "line": -9,
                },
                "start": {
                  "column": -9,
                  "line": -9,
                },
              },
              "text": "-",
            },
            "right": Unary {
              "operator": {
                "isReserved": false,
                "kind": "Minus",
                "literal": undefined,
                "location": {
                  "end": {
                    "column": -9,
                    "line": -9,
                  },
                  "start": {
                    "column": -9,
                    "line": -9,
                  },
                },
                "text": "-",
              },
              "right": Literal {
                "_location": {
                  "end": {
                    "column": -9,
                    "line": -9,
                  },
                  "start": {
                    "column": -9,
                    "line": -9,
                  },
                },
                "value": Int32 {
                  "kind": 4,
                  "value": 5,
                },
              },
            },
          },
        },
      },
    },
  },
]
`;

exports[`parser prefix unary expressions parses consecutive unary 'not' 1`] = `
[
  Assignment {
    "name": {
      "isReserved": false,
      "kind": "Identifier",
      "literal": undefined,
      "location": {
        "end": {
          "column": -9,
          "line": -9,
        },
        "start": {
          "column": -9,
          "line": -9,
        },
      },
      "text": "_",
    },
    "tokens": {
      "equals": {
        "isReserved": false,
        "kind": "Equal",
        "literal": undefined,
        "location": {
          "end": {
            "column": -9,
            "line": -9,
          },
          "start": {
            "column": -9,
            "line": -9,
          },
        },
        "text": "=",
      },
    },
    "value": Unary {
      "operator": {
        "isReserved": true,
        "kind": "Not",
        "literal": undefined,
        "location": {
          "end": {
            "column": -9,
            "line": -9,
          },
          "start": {
            "column": -9,
            "line": -9,
          },
        },
        "text": "not",
      },
      "right": Unary {
        "operator": {
          "isReserved": true,
          "kind": "Not",
          "literal": undefined,
          "location": {
            "end": {
              "column": -9,
              "line": -9,
            },
            "start": {
              "column": -9,
              "line": -9,
            },
          },
          "text": "not",
        },
        "right": Unary {
          "operator": {
            "isReserved": true,
            "kind": "Not",
            "literal": undefined,
            "location": {
              "end": {
                "column": -9,
                "line": -9,
              },
              "start": {
                "column": -9,
                "line": -9,
              },
            },
            "text": "not",
          },
          "right": Unary {
            "operator": {
              "isReserved": true,
              "kind": "Not",
              "literal": undefined,
              "location": {
                "end": {
                  "column": -9,
                  "line": -9,
                },
                "start": {
                  "column": -9,
                  "line": -9,
                },
              },
              "text": "not",
            },
            "right": Unary {
              "operator": {
                "isReserved": true,
                "kind": "Not",
                "literal": undefined,
                "location": {
                  "end": {
                    "column": -9,
                    "line": -9,
                  },
                  "start": {
                    "column": -9,
                    "line": -9,
                  },
                },
                "text": "not",
              },
              "right": Literal {
                "_location": {
                  "end": {
                    "column": -9,
                    "line": -9,
                  },
                  "start": {
                    "column": -9,
                    "line": -9,
                  },
                },
                "value": BrsBoolean {
                  "kind": 2,
                  "value": true,
                },
              },
            },
          },
        },
      },
    },
  },
]
`;

exports[`parser prefix unary expressions parses unary '+' 1`] = `
[
  Assignment {
    "name": {
      "isReserved": false,
      "kind": "Identifier",
      "literal": undefined,
      "location": {
        "end": {
          "column": -9,
          "line": -9,
        },
        "start": {
          "column": -9,
          "line": -9,
        },
      },
      "text": "_",
    },
    "tokens": {
      "equals": {
        "isReserved": false,
        "kind": "Equal",
        "literal": undefined,
        "location": {
          "end": {
            "column": -9,
            "line": -9,
          },
          "start": {
            "column": -9,
            "line": -9,
          },
        },
        "text": "=",
      },
    },
    "value": Unary {
      "operator": {
        "isReserved": false,
        "kind": "Plus",
        "literal": undefined,
        "location": {
          "end": {
            "column": -9,
            "line": -9,
          },
          "start": {
            "column": -9,
            "line": -9,
          },
        },
        "text": "+",
      },
      "right": Literal {
        "_location": {
          "end": {
            "column": -9,
            "line": -9,
          },
          "start": {
            "column": -9,
            "line": -9,
          },
        },
        "value": Int32 {
          "kind": 4,
          "value": 5,
        },
      },
    },
  },
]
`;

exports[`parser prefix unary expressions parses unary '-' 1`] = `
[
  Assignment {
    "name": {
      "isReserved": false,
      "kind": "Identifier",
      "literal": undefined,
      "location": {
        "end": {
          "column": -9,
          "line": -9,
        },
        "start": {
          "column": -9,
          "line": -9,
        },
      },
      "text": "_",
    },
    "tokens": {
      "equals": {
        "isReserved": false,
        "kind": "Equal",
        "literal": undefined,
        "location": {
          "end": {
            "column": -9,
            "line": -9,
          },
          "start": {
            "column": -9,
            "line": -9,
          },
        },
        "text": "=",
      },
    },
    "value": Unary {
      "operator": {
        "isReserved": false,
        "kind": "Minus",
        "literal": undefined,
        "location": {
          "end": {
            "column": -9,
            "line": -9,
          },
          "start": {
            "column": -9,
            "line": -9,
          },
        },
        "text": "-",
      },
      "right": Literal {
        "_location": {
          "end": {
            "column": -9,
            "line": -9,
          },
          "start": {
            "column": -9,
            "line": -9,
          },
        },
        "value": Int32 {
          "kind": 4,
          "value": 5,
        },
      },
    },
  },
]
`;

exports[`parser prefix unary expressions parses unary 'not' 1`] = `
[
  Assignment {
    "name": {
      "isReserved": false,
      "kind": "Identifier",
      "literal": undefined,
      "location": {
        "end": {
          "column": -9,
          "line": -9,
        },
        "start": {
          "column": -9,
          "line": -9,
        },
      },
      "text": "_",
    },
    "tokens": {
      "equals": {
        "isReserved": false,
        "kind": "Equal",
        "literal": undefined,
        "location": {
          "end": {
            "column": -9,
            "line": -9,
          },
          "start": {
            "column": -9,
            "line": -9,
          },
        },
        "text": "=",
      },
    },
    "value": Unary {
      "operator": {
        "isReserved": true,
        "kind": "Not",
        "literal": undefined,
        "location": {
          "end": {
            "column": -9,
            "line": -9,
          },
          "start": {
            "column": -9,
            "line": -9,
          },
        },
        "text": "not",
      },
      "right": Literal {
        "_location": {
          "end": {
            "column": -9,
            "line": -9,
          },
          "start": {
            "column": -9,
            "line": -9,
          },
        },
        "value": BrsBoolean {
          "kind": 2,
          "value": true,
        },
      },
    },
  },
]
`;
